C:/Users/samdl/STM32CubeIDE/workspace_1.19.0/Ux_Device_CDC_ACM/USBX/App/app_usbx_device.c:71:6:MX_USBX_Device_Init	112	static
C:/Users/samdl/STM32CubeIDE/workspace_1.19.0/Ux_Device_CDC_ACM/USBX/App/app_usbx_device.c:231:13:app_ux_device_thread_entry	16	static
C:/Users/samdl/STM32CubeIDE/workspace_1.19.0/Ux_Device_CDC_ACM/USBX/App/app_usbx_device.c:249:6:USBX_APP_Device_Init	8	static
C:/Users/samdl/STM32CubeIDE/workspace_1.19.0/Ux_Device_CDC_ACM/USBX/App/app_usbx_device.c:284:6:USBX_APP_UART_Init	16	static
