C:/Users/samdl/STM32CubeIDE/workspace_1.19.0/Ux_Device_CDC_ACM/Core/Src/app_threadx.c:118:6:stepMotor	16	static
C:/Users/samdl/STM32CubeIDE/workspace_1.19.0/Ux_Device_CDC_ACM/Core/Src/app_threadx.c:141:6:App_ThreadX_Init	56	static
C:/Users/samdl/STM32CubeIDE/workspace_1.19.0/Ux_Device_CDC_ACM/Core/Src/app_threadx.c:161:6:MX_ThreadX_Init	8	static
C:/Users/samdl/STM32CubeIDE/workspace_1.19.0/Ux_Device_CDC_ACM/Core/Src/app_threadx.c:175:6:Motor_Control_thread_entry	40	static
C:/Users/samdl/STM32CubeIDE/workspace_1.19.0/Ux_Device_CDC_ACM/Core/Src/app_threadx.c:280:6:Sensor_Polling_thread_entry	80	static
