C:/Users/samdl/STM32CubeIDE/workspace_1.19.0/Ux_Device_CDC_ACM/Core/Src/main.c:75:5:main	8	static
C:/Users/samdl/STM32CubeIDE/workspace_1.19.0/Ux_Device_CDC_ACM/Core/Src/main.c:126:6:SystemClock_Config	96	static
C:/Users/samdl/STM32CubeIDE/workspace_1.19.0/Ux_Device_CDC_ACM/Core/Src/main.c:183:13:MX_I2C2_Init	8	static
C:/Users/samdl/STM32CubeIDE/workspace_1.19.0/Ux_Device_CDC_ACM/Core/Src/main.c:231:6:MX_USART2_UART_Init	8	static
C:/Users/samdl/STM32CubeIDE/workspace_1.19.0/Ux_Device_CDC_ACM/Core/Src/main.c:279:6:MX_USB_PCD_Init	8	static
C:/Users/samdl/STM32CubeIDE/workspace_1.19.0/Ux_Device_CDC_ACM/Core/Src/main.c:313:13:MX_DMA_Init	16	static
C:/Users/samdl/STM32CubeIDE/workspace_1.19.0/Ux_Device_CDC_ACM/Core/Src/main.c:331:13:MX_GPIO_Init	56	static
C:/Users/samdl/STM32CubeIDE/workspace_1.19.0/Ux_Device_CDC_ACM/Core/Src/main.c:422:6:HAL_TIM_PeriodElapsedCallback	16	static
C:/Users/samdl/STM32CubeIDE/workspace_1.19.0/Ux_Device_CDC_ACM/Core/Src/main.c:440:6:Error_Handler	8	static
