C:/Users/samdl/STM32CubeIDE/workspace_1.19.0/Ux_Device_CDC_ACM/Core/Src/stm32c0xx_it.c:73:6:NMI_Handler	8	static
C:/Users/samdl/STM32CubeIDE/workspace_1.19.0/Ux_Device_CDC_ACM/Core/Src/stm32c0xx_it.c:88:6:HardFault_Handler	8	static
C:/Users/samdl/STM32CubeIDE/workspace_1.19.0/Ux_Device_CDC_ACM/Core/Src/stm32c0xx_it.c:110:6:USB_DRD_FS_IRQHandler	8	static
C:/Users/samdl/STM32CubeIDE/workspace_1.19.0/Ux_Device_CDC_ACM/Core/Src/stm32c0xx_it.c:124:6:DMA1_Channel1_IRQHandler	8	static
C:/Users/samdl/STM32CubeIDE/workspace_1.19.0/Ux_Device_CDC_ACM/Core/Src/stm32c0xx_it.c:138:6:TIM17_IRQHandler	8	static
C:/Users/samdl/STM32CubeIDE/workspace_1.19.0/Ux_Device_CDC_ACM/Core/Src/stm32c0xx_it.c:152:6:USART2_IRQHandler	8	static
